USER: Hi, I saw your ad online

ADAEZE (AI):
Hello there! 👋 Welcome! I'm Adaeze, your dedicated consultant, and I'm so glad our ad caught your eye! ✨

Thank you for reaching out to us. I'd love to understand what particularly resonated with you in the ad, and what you're looking for, so I can show you exactly how we can help.

What brings you here today? 🎯